March 31st 2023, 14:55
